Cadence Design Systems, Inc. netrev 16.0 Sun Aug 30 20:01:42 2009
(C) Copyright 2002 Cadence Design Systems, Inc.

------ Directives ------

RIPUP_ETCH FALSE;
RIPUP_SYMBOLS ALWAYS;
Missing symbol has error FALSE;
SCHEMATIC_DIRECTORY 'C:\DOCUMENTS AND SETTINGS\GREG HORN\MY DOCUMENTS\SLUGS\SLUGS_V2\allegro';
BOARD_DIRECTORY 'C:/Documents and Settings/Greg Horn/My Documents/SLUGS/SLUGS_V2/allegro_slugs2.1';
OLD_BOARD_NAME 'C:/Documents and Settings/Greg Horn/My Documents/SLUGS/SLUGS_V2/allegro_slugs2.1/slugs_v2_1.brd';
NEW_BOARD_NAME 'C:/Documents and Settings/Greg Horn/My Documents/SLUGS/SLUGS_V2/allegro_slugs2.1/slugs_v2_1.brd';

CmdLine: netrev.exe -5 -y 1 -i C:\DOCUMENTS AND SETTINGS\GREG HORN\MY DOCUMENTS\SLUGS\SLUGS_V2\allegro C:\Documents and Settings\Greg Horn\My Documents\SLUGS\SLUGS_V2\allegro_slugs2.1\slugs_v2_1.brd C:\Documents and Settings\Greg Horn\My Documents\SLUGS\SLUGS_V2\allegro_slugs2.1\slugs_v2_1.brd

------ Preparing to read pst files ------

Starting to read C:/DOCUMENTS AND SETTINGS/GREG HORN/MY DOCUMENTS/SLUGS/SLUGS_V2/allegro/pstchip.dat 
   Finished reading C:/DOCUMENTS AND SETTINGS/GREG HORN/MY DOCUMENTS/SLUGS/SLUGS_V2/allegro/pstchip.dat (00:00:00.10)
Starting to read C:/DOCUMENTS AND SETTINGS/GREG HORN/MY DOCUMENTS/SLUGS/SLUGS_V2/allegro/pstxprt.dat 
   Finished reading C:/DOCUMENTS AND SETTINGS/GREG HORN/MY DOCUMENTS/SLUGS/SLUGS_V2/allegro/pstxprt.dat (00:00:00.00)
Starting to read C:/DOCUMENTS AND SETTINGS/GREG HORN/MY DOCUMENTS/SLUGS/SLUGS_V2/allegro/pstxnet.dat 
   Finished reading C:/DOCUMENTS AND SETTINGS/GREG HORN/MY DOCUMENTS/SLUGS/SLUGS_V2/allegro/pstxnet.dat (00:00:00.01)

------ Oversights/Warnings/Errors ------


------ Library Paths ------
MODULEPATH =  . 
           C:/OrCAD/OrCAD_16.0/share/local/pcb/modules 

PSMPATH =  . 
           symbols 
           .. 
           ../symbols 
           C:/OrCAD/OrCAD_16.0/share/local/pcb/symbols 
           C:/OrCAD/OrCAD_16.0/share/pcb/pcb_lib/symbols 
           C:/OrCAD/OrCAD_16.0/share/pcb/allegrolib/symbols 

PADPATH =  . 
           symbols 
           .. 
           ../symbols 
           C:/OrCAD/OrCAD_16.0/share/local/pcb/padstacks 
           C:/OrCAD/OrCAD_16.0/share/pcb/pcb_lib/symbols 
           C:/OrCAD/OrCAD_16.0/share/pcb/allegrolib/symbols 


------ Summary Statistics ------


netrev run on Aug 30 20:01:42 2009
   DESIGN NAME : 'SLUGS_V2_1'
   PACKAGING ON Jun  7 2007 16:09:57

   COMPILE 'logic'
   CHECK_PIN_NAMES OFF
   CROSS_REFERENCE OFF
   FEEDBACK OFF
   INCREMENTAL OFF
   INTERFACE_TYPE PHYSICAL
   MAX_ERRORS 500
   MERGE_MINIMUM 5
   NET_NAME_CHARS '#%&()*+-./:=>?@[]^_`|'
   NET_NAME_LENGTH 24
   OVERSIGHTS ON
   REPLACE_CHECK OFF
   SINGLE_NODE_NETS ON
   SPLIT_MINIMUM 0
   SUPPRESS   20
   WARNINGS ON

 No error detected
 No oversight detected
 No warning detected

cpu time      0:02:00
elapsed time  0:00:01

