Archive member included because of file (symbol)

C:\Mariano\UCSC\APCode\sensorMCU_dspic\sources\rtwlib.a(rt_matmultrr_sgl.o)
                              sensorMCU.o (rt_MatMultRR_Sgl)
C:\Mariano\UCSC\APCode\sensorMCU_dspic\sources\rtwlib.a(rt_zcfcn.o)
                              sensorMCU.o (rt_ZCFcn)
C:\Program Files\Microchip\MPLAB C30\lib\dsPIC33F\libp33FJ256MC710-coff.a(putsUART1.o)
                              bufferedUART.o (putsUART1)
C:\Program Files\Microchip\MPLAB C30\lib\dsPIC33F\libp33FJ256MC710-coff.a(BusyUART1.o)
                              bufferedUART.o (BusyUART1)
C:\Program Files\Microchip\MPLAB C30\lib\dsPIC33F\libp33FJ256MC710-coff.a(WriteSPI1.o)
                              interProcCommMaster.o (WriteSPI1)
C:\Program Files\Microchip\MPLAB C30\lib\dsPIC33F\libp33FJ256MC710-coff.a(DataRdySPI1.o)
                              interProcCommMaster.o (DataRdySPI1)
C:\Program Files\Microchip\MPLAB C30\lib\dsPIC33F\libp33FJ256MC710-coff.a(ReadSPI1.o)
                              interProcCommMaster.o (ReadSPI1)
C:\Program Files\Microchip\MPLAB C30\lib\dsPIC33F\libp33FJ256MC710-coff.a(ConfigIntTimer1.o)
                              sensorMCU.o (ConfigIntTimer1)
c:/program files/microchip/mplab c30/bin/bin/../../lib\libpic30-coff.a(crt1.o)
                              (_resetALT)
c:/program files/microchip/mplab c30/bin/bin/../../lib\libpic30-coff.a(crt0.o)
                              (_resetPRI)
c:/program files/microchip/mplab c30/bin/bin/../../lib\libm-coff.a(floatsisf.o)
                              gpsParse.o (__floatsisf)
c:/program files/microchip/mplab c30/bin/bin/../../lib\libm-coff.a(addsf3.o)
                              sensorMCU.o (__subsf3)
c:/program files/microchip/mplab c30/bin/bin/../../lib\libm-coff.a(divsf3.o)
                              gpsParse.o (__divsf3)
c:/program files/microchip/mplab c30/bin/bin/../../lib\libm-coff.a(mulsf3.o)
                              gpsParse.o (__mulsf3)
c:/program files/microchip/mplab c30/bin/bin/../../lib\libm-coff.a(fixunssfsi.o)
                              gpsParse.o (__fixunssfsi)
c:/program files/microchip/mplab c30/bin/bin/../../lib\libm-coff.a(fgtge.o)
                              sensorMCU.o (__gtsf2)
c:/program files/microchip/mplab c30/bin/bin/../../lib\libm-coff.a(feqltle.o)
                              rt_nonfinite.o (__eqsf2)
c:/program files/microchip/mplab c30/bin/bin/../../lib\libm-coff.a(sqrtf.o)
                              sensorMCU.o (sqrtf)
c:/program files/microchip/mplab c30/bin/bin/../../lib\libm-coff.a(floorf.o)
                              sensorMCU.o (floorf)
c:/program files/microchip/mplab c30/bin/bin/../../lib\libm-coff.a(cosf.o)
                              sensorMCU.o (cosf)
c:/program files/microchip/mplab c30/bin/bin/../../lib\libm-coff.a(asinf.o)
                              sensorMCU.o (asinf)
c:/program files/microchip/mplab c30/bin/bin/../../lib\libm-coff.a(sinf.o)
                              sensorMCU.o (sinf)
c:/program files/microchip/mplab c30/bin/bin/../../lib\libm-coff.a(tanf.o)
                              sensorMCU.o (tanf)
c:/program files/microchip/mplab c30/bin/bin/../../lib\libm-coff.a(fne.o)
                              rt_nonfinite.o (__nesf2)
c:/program files/microchip/mplab c30/bin/bin/../../lib\libm-coff.a(atan2.o)
                              rt_atan2.o (atan2)
c:/program files/microchip/mplab c30/bin/bin/../../lib\libm-coff.a(atan2f.o)
                              rt_atan2.o (atan2f)
c:/program files/microchip/mplab c30/bin/bin/../../lib\libm-coff.a(fpack.o)
                              c:/program files/microchip/mplab c30/bin/bin/../../lib\libm-coff.a(floatsisf.o) (_fpack)
c:/program files/microchip/mplab c30/bin/bin/../../lib\libm-coff.a(funpack2.o)
                              c:/program files/microchip/mplab c30/bin/bin/../../lib\libm-coff.a(addsf3.o) (_funpack2)
c:/program files/microchip/mplab c30/bin/bin/../../lib\libm-coff.a(futil.o)
                              c:/program files/microchip/mplab c30/bin/bin/../../lib\libm-coff.a(addsf3.o) (_fPropagateNaN)
c:/program files/microchip/mplab c30/bin/bin/../../lib\libm-coff.a(funpack.o)
                              c:/program files/microchip/mplab c30/bin/bin/../../lib\libm-coff.a(fixunssfsi.o) (_funpack)
c:/program files/microchip/mplab c30/bin/bin/../../lib\libm-coff.a(fcompare.o)
                              c:/program files/microchip/mplab c30/bin/bin/../../lib\libm-coff.a(fgtge.o) (_fcompare)
c:/program files/microchip/mplab c30/bin/bin/../../lib\libm-coff.a(errno.o)
                              c:/program files/microchip/mplab c30/bin/bin/../../lib\libm-coff.a(sqrtf.o) (errno)
c:/program files/microchip/mplab c30/bin/bin/../../lib\libm-coff.a(fchop.o)
                              c:/program files/microchip/mplab c30/bin/bin/../../lib\libm-coff.a(floorf.o) (_fchop)
c:/program files/microchip/mplab c30/bin/bin/../../lib\libm-coff.a(sincosf.o)
                              c:/program files/microchip/mplab c30/bin/bin/../../lib\libm-coff.a(cosf.o) (_sincosf)
c:/program files/microchip/mplab c30/bin/bin/../../lib\libm-coff.a(asinacosf.o)
                              c:/program files/microchip/mplab c30/bin/bin/../../lib\libm-coff.a(asinf.o) (_asinacosf)
c:/program files/microchip/mplab c30/bin/bin/../../lib\libm-coff.a(fmodf.o)
                              c:/program files/microchip/mplab c30/bin/bin/../../lib\libm-coff.a(tanf.o) (fmodf)
c:/program files/microchip/mplab c30/bin/bin/../../lib\libm-coff.a(fixsfsi.o)
                              c:/program files/microchip/mplab c30/bin/bin/../../lib\libm-coff.a(tanf.o) (__fixsfsi)
c:/program files/microchip/mplab c30/bin/bin/../../lib\libm-coff.a(dtype.o)
                              c:/program files/microchip/mplab c30/bin/bin/../../lib\libm-coff.a(atan2.o) (_dtype)
c:/program files/microchip/mplab c30/bin/bin/../../lib\libm-coff.a(divdf3.o)
                              c:/program files/microchip/mplab c30/bin/bin/../../lib\libm-coff.a(atan2.o) (__divdf3)
c:/program files/microchip/mplab c30/bin/bin/../../lib\libm-coff.a(atan.o)
                              c:/program files/microchip/mplab c30/bin/bin/../../lib\libm-coff.a(atan2.o) (atan)
c:/program files/microchip/mplab c30/bin/bin/../../lib\libm-coff.a(adddf3.o)
                              c:/program files/microchip/mplab c30/bin/bin/../../lib\libm-coff.a(atan2.o) (__adddf3)
c:/program files/microchip/mplab c30/bin/bin/../../lib\libm-coff.a(dunpack2.o)
                              c:/program files/microchip/mplab c30/bin/bin/../../lib\libm-coff.a(divdf3.o) (_dunpack2)
c:/program files/microchip/mplab c30/bin/bin/../../lib\libm-coff.a(atanf.o)
                              c:/program files/microchip/mplab c30/bin/bin/../../lib\libm-coff.a(atan2f.o) (atanf)
c:/program files/microchip/mplab c30/bin/bin/../../lib\libm-coff.a(fmodrem.o)
                              c:/program files/microchip/mplab c30/bin/bin/../../lib\libm-coff.a(fmodf.o) (_fmodrem)
c:/program files/microchip/mplab c30/bin/bin/../../lib\libm-coff.a(dpack.o)
                              c:/program files/microchip/mplab c30/bin/bin/../../lib\libm-coff.a(divdf3.o) (_dpack)
c:/program files/microchip/mplab c30/bin/bin/../../lib\libm-coff.a(dgtge.o)
                              c:/program files/microchip/mplab c30/bin/bin/../../lib\libm-coff.a(atan.o) (__gedf2)
c:/program files/microchip/mplab c30/bin/bin/../../lib\libm-coff.a(muldf3.o)
                              c:/program files/microchip/mplab c30/bin/bin/../../lib\libm-coff.a(atan.o) (__muldf3)
c:/program files/microchip/mplab c30/bin/bin/../../lib\libm-coff.a(subdf3.o)
                              c:/program files/microchip/mplab c30/bin/bin/../../lib\libm-coff.a(atan.o) (__subdf3)
c:/program files/microchip/mplab c30/bin/bin/../../lib\libm-coff.a(deqltle.o)
                              c:/program files/microchip/mplab c30/bin/bin/../../lib\libm-coff.a(atan.o) (__ltdf2)
c:/program files/microchip/mplab c30/bin/bin/../../lib\libm-coff.a(dunpack.o)
                              c:/program files/microchip/mplab c30/bin/bin/../../lib\libm-coff.a(dunpack2.o) (_dunpack)
c:/program files/microchip/mplab c30/bin/bin/../../lib\libm-coff.a(dpropagateNaN.o)
                              c:/program files/microchip/mplab c30/bin/bin/../../lib\libm-coff.a(dunpack2.o) (_dPropagateNaN)
c:/program files/microchip/mplab c30/bin/bin/../../lib\libm-coff.a(dcompare.o)
                              c:/program files/microchip/mplab c30/bin/bin/../../lib\libm-coff.a(dgtge.o) (_dcompare)
c:/program files/microchip/mplab c30/bin/bin/../../lib\libc-coff.a(strtok.o)
                              gpsParse.o (strtok)
c:/program files/microchip/mplab c30/bin/bin/../../lib\libc-coff.a(strlen.o)
                              gpsParse.o (strlen)
c:/program files/microchip/mplab c30/bin/bin/../../lib\libc-coff.a(xstoul.o)
                              gpsParse.o (_Stoul)
c:/program files/microchip/mplab c30/bin/bin/../../lib\libc-coff.a(xstod.o)
                              gpsParse.o (_Stof)
c:/program files/microchip/mplab c30/bin/bin/../../lib\libc-coff.a(memset.o)
                              sensorMCU.o (memset)
c:/program files/microchip/mplab c30/bin/bin/../../lib\libc-coff.a(strspn.o)
                              c:/program files/microchip/mplab c30/bin/bin/../../lib\libc-coff.a(strtok.o) (strspn)
c:/program files/microchip/mplab c30/bin/bin/../../lib\libc-coff.a(strcspn.o)
                              c:/program files/microchip/mplab c30/bin/bin/../../lib\libc-coff.a(strtok.o) (strcspn)
c:/program files/microchip/mplab c30/bin/bin/../../lib\libc-coff.a(isspace.os)
                              c:/program files/microchip/mplab c30/bin/bin/../../lib\libc-coff.a(xstoul.o) (isspace)
c:/program files/microchip/mplab c30/bin/bin/../../lib\libc-coff.a(tolower.os)
                              c:/program files/microchip/mplab c30/bin/bin/../../lib\libc-coff.a(xstoul.o) (tolower)
c:/program files/microchip/mplab c30/bin/bin/../../lib\libc-coff.a(memchr.o)
                              c:/program files/microchip/mplab c30/bin/bin/../../lib\libc-coff.a(xstoul.o) (memchr)
c:/program files/microchip/mplab c30/bin/bin/../../lib\libc-coff.a(xstopfx.o)
                              c:/program files/microchip/mplab c30/bin/bin/../../lib\libc-coff.a(xstod.o) (_Stopfx)
c:/program files/microchip/mplab c30/bin/bin/../../lib\libc-coff.a(xstoflt.o)
                              c:/program files/microchip/mplab c30/bin/bin/../../lib\libc-coff.a(xstod.o) (_Stoflt)
c:/program files/microchip/mplab c30/bin/bin/../../lib\libc-coff.a(xstoxflt.o)
                              c:/program files/microchip/mplab c30/bin/bin/../../lib\libc-coff.a(xstod.o) (_Stoxflt)
c:/program files/microchip/mplab c30/bin/bin/../../lib\libc-coff.a(xfdscale.o)
                              c:/program files/microchip/mplab c30/bin/bin/../../lib\libc-coff.a(xstod.o) (_FDscale)
c:/program files/microchip/mplab c30/bin/bin/../../lib\libc-coff.a(xdtento.o)
                              c:/program files/microchip/mplab c30/bin/bin/../../lib\libc-coff.a(xstod.o) (_FDtento)
c:/program files/microchip/mplab c30/bin/bin/../../lib\libc-coff.a(isalnum.os)
                              c:/program files/microchip/mplab c30/bin/bin/../../lib\libc-coff.a(xstopfx.o) (isalnum)
c:/program files/microchip/mplab c30/bin/bin/../../lib\libc-coff.a(xfdnorm.o)
                              c:/program files/microchip/mplab c30/bin/bin/../../lib\libc-coff.a(xfdscale.o) (_FDnorm)
c:/program files/microchip/mplab c30/bin/bin/../../lib\libc-coff.a(xfdunsca.o)
                              c:/program files/microchip/mplab c30/bin/bin/../../lib\libc-coff.a(xdtento.o) (_FDunscale)
c:/program files/microchip/mplab c30/bin/bin/../../lib\libc-coff.a(xferaise.o)
                              c:/program files/microchip/mplab c30/bin/bin/../../lib\libc-coff.a(xdtento.o) (_Feraise)
c:/program files/microchip/mplab c30/bin/bin/../../lib\libm-coff.a(mulsi3.o)
                              c:/program files/microchip/mplab c30/bin/bin/../../lib\libc-coff.a(xstoul.o) (__mulsi3)
c:/program files/microchip/mplab c30/bin/bin/../../lib\libm-coff.a(udivsi3.o)
                              c:/program files/microchip/mplab c30/bin/bin/../../lib\libc-coff.a(xstoul.o) (__udivsi3)
